// Jest Snapshot v1, https://goo.gl/fbAQLP

exports[`kosko generate --dev 1`] = `
"---
apiVersion: v1
kind: Namespace
metadata:
  annotations:
    field.cattle.io/creatorId: gitlab
    field.cattle.io/projectId: ''
    git/branch: master
    git/remote: >-
      https://gitlab-ci-token:[MASKED]@gitlab.factory.social.gouv.fr/SocialGouv/archifiltre-site.git
    app.gitlab.com/app: socialgouv-archifiltre-site
    app.gitlab.com/env: master-dev2
    app.gitlab.com/env.name: master-dev2
  labels:
    azure-pg-admin-user: archifiltre-site
    application: master-dev2-archifiltre-site
    owner: archifiltre-site
    team: archifiltre-site
    cert: wildcard
  name: archifiltre-site-85-master-dev2
---
apiVersion: apps/v1
kind: Deployment
metadata:
  annotations:
    kapp.k14s.io/disable-default-ownership-label-rules: ''
    kapp.k14s.io/disable-default-label-scoping-rules: ''
    app.gitlab.com/app: socialgouv-archifiltre-site
    app.gitlab.com/env: master-dev2
    app.gitlab.com/env.name: master-dev2
  labels:
    app: app
    application: master-dev2-archifiltre-site
    owner: archifiltre-site
    team: archifiltre-site
    cert: wildcard
    component: nginx
  name: app
  namespace: archifiltre-site-85-master-dev2
spec:
  replicas: 1
  selector:
    matchLabels:
      app: app
  template:
    metadata:
      annotations:
        kapp.k14s.io/disable-default-ownership-label-rules: ''
        kapp.k14s.io/disable-default-label-scoping-rules: ''
        app.gitlab.com/app: socialgouv-archifiltre-site
        app.gitlab.com/env: master-dev2
        app.gitlab.com/env.name: master-dev2
      labels:
        app: app
        application: master-dev2-archifiltre-site
        owner: archifiltre-site
        team: archifiltre-site
        cert: wildcard
        component: nginx
    spec:
      containers:
        - image: >-
            registry.gitlab.factory.social.gouv.fr/socialgouv/archifiltre-site/app:0123456789abcdefghijklmnopqrstuvwxyz0123
          livenessProbe:
            failureThreshold: 6
            httpGet:
              path: /index.html
              port: http
            initialDelaySeconds: 30
            periodSeconds: 5
            timeoutSeconds: 5
          name: app
          ports:
            - containerPort: 80
              name: http
          readinessProbe:
            failureThreshold: 15
            httpGet:
              path: /index.html
              port: http
            initialDelaySeconds: 0
            periodSeconds: 5
            successThreshold: 1
            timeoutSeconds: 1
          resources:
            limits:
              cpu: 500m
              memory: 128Mi
            requests:
              cpu: 5m
              memory: 32Mi
          startupProbe:
            failureThreshold: 12
            httpGet:
              path: /index.html
              port: http
            periodSeconds: 5
---
apiVersion: v1
kind: Service
metadata:
  labels:
    app: app
    application: master-dev2-archifiltre-site
    owner: archifiltre-site
    team: archifiltre-site
    cert: wildcard
  name: app
  annotations:
    kapp.k14s.io/disable-default-ownership-label-rules: ''
    kapp.k14s.io/disable-default-label-scoping-rules: ''
    app.gitlab.com/app: socialgouv-archifiltre-site
    app.gitlab.com/env: master-dev2
    app.gitlab.com/env.name: master-dev2
  namespace: archifiltre-site-85-master-dev2
spec:
  ports:
    - name: http
      port: 80
      targetPort: 80
  selector:
    app: app
  type: ClusterIP
---
apiVersion: extensions/v1beta1
kind: Ingress
metadata:
  annotations:
    kubernetes.io/ingress.class: nginx
    kapp.k14s.io/disable-default-ownership-label-rules: ''
    kapp.k14s.io/disable-default-label-scoping-rules: ''
    app.gitlab.com/app: socialgouv-archifiltre-site
    app.gitlab.com/env: master-dev2
    app.gitlab.com/env.name: master-dev2
  labels:
    app: app
    application: master-dev2-archifiltre-site
    owner: archifiltre-site
    team: archifiltre-site
    cert: wildcard
  name: app
  namespace: archifiltre-site-85-master-dev2
spec:
  rules:
    - host: master-dev2-archifiltre-site.dev2.fabrique.social.gouv.fr
      http:
        paths:
          - backend:
              serviceName: app
              servicePort: 80
            path: /
  tls:
    - hosts:
        - master-dev2-archifiltre-site.dev2.fabrique.social.gouv.fr
      secretName: wildcard-crt
"
`;
